// Jest Snapshot v1, https://goo.gl/fbAQLP

exports[`Component LayoutRegistration renders correctly 1`] = `
<div
  className="layout layout--entry"
>
  <div
    className="grid entry-header"
  >
    <div
      className="grid__cell todayme-logo"
    >
      <LogoLink />
    </div>
  </div>
  <Background />
</div>
`;
